// Jest Snapshot v1, https://goo.gl/fbAQLP

exports[`PaginadorProductos Test should match snapshot 1`] = `
<div>
  <nav
    class="sc-aXZVg ftmUeE"
  >
    <button
      class="sc-gEvEer hAWsHt"
    >
      1
    </button>
    <button
      class="sc-gEvEer hAWsHt"
    >
      2
    </button>
  </nav>
</div>
`;
