// Jest Snapshot v1, https://goo.gl/fbAQLP

exports[`FormCrearProducto test should match snapshot 1`] = `
<div>
  <form>
    <h2
      class="sc-fqkvVR cgpKxi"
    >
      Form test
    </h2>
    <div
      class="sc-gEvEer jRQBTi"
    >
      <input
        class="sc-gsFSXq eA-dikY"
        name="title"
        placeholder="Title"
        value=""
      />
    </div>
    <div
      class="sc-gEvEer jRQBTi"
    >
      <input
        class="sc-gsFSXq eA-dikY"
        name="slug"
        placeholder="Slug"
        value=""
      />
    </div>
    <div
      class="sc-gEvEer jRQBTi"
    >
      <input
        class="sc-gsFSXq eA-dikY"
        name="body"
        placeholder="Body"
        value=""
      />
    </div>
    <div
      class="sc-eqUAAy cYHGhi"
    >
      <button
        class="sc-dcJsrY bHYhVY"
        type="submit"
      >
        Registrar
      </button>
    </div>
  </form>
</div>
`;
